2026-10-05 19:37:04,489 - root - INFO - ++++++++++++++++ Starting at 2026-10-05 19:37:04.489745 +++++++++++++++++
2026-10-05 19:37:04,489 - src.ProcessQaoa - INFO - Using p_level:: 1
2026-10-05 19:37:04,495 - src.ProcessQaoa - INFO - Using ideal (noiseless) Aer Simulator
2026-10-05 19:37:04,572 - qiskit.passmanager.base_tasks - INFO - Pass: ContainsInstruction - 0.64206 (ms)
2026-10-05 19:37:04,572 - qiskit.passmanager.base_tasks - INFO - Pass: UnitarySynthesis - 0.00286 (ms)
2026-10-05 19:37:04,575 - qiskit.passmanager.base_tasks - INFO - Pass: HighLevelSynthesis - 2.97594 (ms)
2026-10-05 19:37:04,575 - qiskit.passmanager.base_tasks - INFO - Pass: BasisTranslator - 0.03290 (ms)
2026-10-05 19:37:04,575 - qiskit.passmanager.base_tasks - INFO - Pass: ElidePermutations - 0.00310 (ms)
2026-10-05 19:37:04,575 - qiskit.passmanager.base_tasks - INFO - Pass: RemoveDiagonalGatesBeforeMeasure - 0.04697 (ms)
2026-10-05 19:37:04,575 - qiskit.passmanager.base_tasks - INFO - Pass: RemoveIdentityEquivalent - 0.00191 (ms)
2026-10-05 19:37:04,576 - qiskit.passmanager.base_tasks - INFO - Pass: InverseCancellation - 0.34595 (ms)
2026-10-05 19:37:04,576 - qiskit.passmanager.base_tasks - INFO - Pass: ContractIdleWiresInControlFlow - 0.00119 (ms)
2026-10-05 19:37:04,576 - qiskit.passmanager.base_tasks - INFO - Pass: CommutativeCancellation - 0.02694 (ms)
2026-10-05 19:37:04,576 - qiskit.passmanager.base_tasks - INFO - Pass: ConsolidateBlocks - 0.02408 (ms)
2026-10-05 19:37:04,576 - qiskit.passmanager.base_tasks - INFO - Pass: Split2QUnitaries - 0.00191 (ms)
2026-10-05 19:37:04,576 - qiskit.passmanager.base_tasks - INFO - Pass: UnitarySynthesis - 0.00167 (ms)
2026-10-05 19:37:04,576 - qiskit.passmanager.base_tasks - INFO - Pass: HighLevelSynthesis - 0.00691 (ms)
2026-10-05 19:37:04,576 - qiskit.passmanager.base_tasks - INFO - Pass: BasisTranslator - 0.02885 (ms)
2026-10-05 19:37:04,577 - qiskit.passmanager.base_tasks - INFO - Pass: Depth - 0.60201 (ms)
2026-10-05 19:37:04,577 - qiskit.passmanager.base_tasks - INFO - Pass: Size - 0.00191 (ms)
2026-10-05 19:37:04,577 - qiskit.passmanager.base_tasks - INFO - Pass: MinimumPoint - 0.00477 (ms)
2026-10-05 19:37:04,577 - qiskit.passmanager.base_tasks - INFO - Pass: ConsolidateBlocks - 0.02503 (ms)
2026-10-05 19:37:04,577 - qiskit.passmanager.base_tasks - INFO - Pass: UnitarySynthesis - 0.00215 (ms)
2026-10-05 19:37:04,577 - qiskit.passmanager.base_tasks - INFO - Pass: RemoveIdentityEquivalent - 0.00167 (ms)
2026-10-05 19:37:04,577 - qiskit.passmanager.base_tasks - INFO - Pass: Optimize1qGatesDecomposition - 0.21887 (ms)
2026-10-05 19:37:04,577 - qiskit.passmanager.base_tasks - INFO - Pass: CommutativeCancellation - 0.02623 (ms)
2026-10-05 19:37:04,577 - qiskit.passmanager.base_tasks - INFO - Pass: ContractIdleWiresInControlFlow - 0.00072 (ms)
2026-10-05 19:37:04,577 - qiskit.passmanager.base_tasks - INFO - Pass: GatesInBasis - 0.00739 (ms)
2026-10-05 19:37:04,577 - qiskit.passmanager.base_tasks - INFO - Pass: Depth - 0.00787 (ms)
2026-10-05 19:37:04,577 - qiskit.passmanager.base_tasks - INFO - Pass: Size - 0.00095 (ms)
2026-10-05 19:37:04,578 - qiskit.passmanager.base_tasks - INFO - Pass: MinimumPoint - 1.11794 (ms)
2026-10-05 19:37:04,578 - qiskit.passmanager.base_tasks - INFO - Pass: ConsolidateBlocks - 0.01693 (ms)
2026-10-05 19:37:04,578 - qiskit.passmanager.base_tasks - INFO - Pass: UnitarySynthesis - 0.00072 (ms)
2026-10-05 19:37:04,578 - qiskit.passmanager.base_tasks - INFO - Pass: RemoveIdentityEquivalent - 0.00095 (ms)
2026-10-05 19:37:04,578 - qiskit.passmanager.base_tasks - INFO - Pass: Optimize1qGatesDecomposition - 0.03672 (ms)
2026-10-05 19:37:04,578 - qiskit.passmanager.base_tasks - INFO - Pass: CommutativeCancellation - 0.01907 (ms)
2026-10-05 19:37:04,578 - qiskit.passmanager.base_tasks - INFO - Pass: ContractIdleWiresInControlFlow - 0.00000 (ms)
2026-10-05 19:37:04,578 - qiskit.passmanager.base_tasks - INFO - Pass: GatesInBasis - 0.00525 (ms)
2026-10-05 19:37:04,578 - qiskit.passmanager.base_tasks - INFO - Pass: Depth - 0.00501 (ms)
2026-10-05 19:37:04,578 - qiskit.passmanager.base_tasks - INFO - Pass: Size - 0.00119 (ms)
2026-10-05 19:37:04,579 - qiskit.passmanager.base_tasks - INFO - Pass: MinimumPoint - 0.00191 (ms)
2026-10-05 19:37:04,579 - qiskit.passmanager.base_tasks - INFO - Pass: ContainsInstruction - 0.00191 (ms)
2026-10-05 19:37:04,595 - qiskit.passmanager.base_tasks - INFO - Pass: Optimize1qGatesDecomposition - 0.01836 (ms)
2026-10-05 19:37:04,616 - qiskit.passmanager.base_tasks - INFO - Pass: Optimize1qGatesDecomposition - 0.02408 (ms)
2026-10-05 19:37:04,630 - qiskit.passmanager.base_tasks - INFO - Pass: Optimize1qGatesDecomposition - 0.02098 (ms)
2026-10-05 19:37:04,641 - qiskit.passmanager.base_tasks - INFO - Pass: Optimize1qGatesDecomposition - 0.01836 (ms)
2026-10-05 19:37:04,651 - qiskit.passmanager.base_tasks - INFO - Pass: Optimize1qGatesDecomposition - 0.01693 (ms)
2026-10-05 19:37:04,662 - qiskit.passmanager.base_tasks - INFO - Pass: Optimize1qGatesDecomposition - 0.01502 (ms)
2026-10-05 19:37:04,673 - qiskit.passmanager.base_tasks - INFO - Pass: Optimize1qGatesDecomposition - 0.01717 (ms)
2026-10-05 19:37:04,683 - qiskit.passmanager.base_tasks - INFO - Pass: Optimize1qGatesDecomposition - 0.01597 (ms)
2026-10-05 19:37:04,692 - qiskit.passmanager.base_tasks - INFO - Pass: Optimize1qGatesDecomposition - 0.01407 (ms)
2026-10-05 19:37:04,701 - qiskit.passmanager.base_tasks - INFO - Pass: Optimize1qGatesDecomposition - 0.01597 (ms)
2026-10-05 19:37:04,710 - qiskit.passmanager.base_tasks - INFO - Pass: Optimize1qGatesDecomposition - 0.01526 (ms)
2026-10-05 19:37:04,718 - qiskit.passmanager.base_tasks - INFO - Pass: Optimize1qGatesDecomposition - 0.01621 (ms)
2026-10-05 19:37:04,727 - qiskit.passmanager.base_tasks - INFO - Pass: Optimize1qGatesDecomposition - 0.01502 (ms)
2026-10-05 19:37:04,736 - qiskit.passmanager.base_tasks - INFO - Pass: Optimize1qGatesDecomposition - 0.01407 (ms)
2026-10-05 19:37:04,745 - qiskit.passmanager.base_tasks - INFO - Pass: Optimize1qGatesDecomposition - 0.01526 (ms)
2026-10-05 19:37:04,753 - qiskit.passmanager.base_tasks - INFO - Pass: Optimize1qGatesDecomposition - 0.01407 (ms)
2026-10-05 19:37:04,761 - qiskit.passmanager.base_tasks - INFO - Pass: Optimize1qGatesDecomposition - 0.01287 (ms)
2026-10-05 19:37:04,769 - qiskit.passmanager.base_tasks - INFO - Pass: Optimize1qGatesDecomposition - 0.01597 (ms)
2026-10-05 19:37:04,777 - qiskit.passmanager.base_tasks - INFO - Pass: Optimize1qGatesDecomposition - 0.01311 (ms)
2026-10-05 19:37:04,785 - qiskit.passmanager.base_tasks - INFO - Pass: Optimize1qGatesDecomposition - 0.01287 (ms)
2026-10-05 19:37:04,793 - qiskit.passmanager.base_tasks - INFO - Pass: Optimize1qGatesDecomposition - 0.01502 (ms)
2026-10-05 19:37:04,801 - qiskit.passmanager.base_tasks - INFO - Pass: Optimize1qGatesDecomposition - 0.01407 (ms)
2026-10-05 19:37:04,809 - qiskit.passmanager.base_tasks - INFO - Pass: Optimize1qGatesDecomposition - 0.01407 (ms)
2026-10-05 19:37:04,817 - qiskit.passmanager.base_tasks - INFO - Pass: Optimize1qGatesDecomposition - 0.01693 (ms)
2026-10-05 19:37:04,824 - qiskit.passmanager.base_tasks - INFO - Pass: Optimize1qGatesDecomposition - 0.01407 (ms)
2026-10-05 19:37:04,832 - qiskit.passmanager.base_tasks - INFO - Pass: Optimize1qGatesDecomposition - 0.01597 (ms)
2026-10-05 19:37:04,840 - qiskit.passmanager.base_tasks - INFO - Pass: Optimize1qGatesDecomposition - 0.01597 (ms)
2026-10-05 19:37:04,848 - qiskit.passmanager.base_tasks - INFO - Pass: Optimize1qGatesDecomposition - 0.01407 (ms)
2026-10-05 19:37:04,856 - qiskit.passmanager.base_tasks - INFO - Pass: Optimize1qGatesDecomposition - 0.01502 (ms)
2026-10-05 19:37:04,864 - qiskit.passmanager.base_tasks - INFO - Pass: Optimize1qGatesDecomposition - 0.01526 (ms)
2026-10-05 19:37:04,872 - qiskit.passmanager.base_tasks - INFO - Pass: Optimize1qGatesDecomposition - 0.01407 (ms)
2026-10-05 19:37:04,879 - qiskit.passmanager.base_tasks - INFO - Pass: Optimize1qGatesDecomposition - 0.01407 (ms)
2026-10-05 19:37:04,887 - qiskit.passmanager.base_tasks - INFO - Pass: Optimize1qGatesDecomposition - 0.01597 (ms)
2026-10-05 19:37:04,895 - qiskit.passmanager.base_tasks - INFO - Pass: Optimize1qGatesDecomposition - 0.01526 (ms)
2026-10-05 19:37:04,903 - qiskit.passmanager.base_tasks - INFO - Pass: Optimize1qGatesDecomposition - 0.03409 (ms)
2026-10-05 19:37:04,911 - qiskit.passmanager.base_tasks - INFO - Pass: Optimize1qGatesDecomposition - 0.01669 (ms)
2026-10-05 19:37:04,922 - src.ProcessQaoa - INFO - Using p_level:: 1
2026-10-05 19:37:04,927 - src.ProcessQaoa - INFO - Using ideal (noiseless) Aer Simulator
2026-10-05 19:37:04,966 - qiskit.passmanager.base_tasks - INFO - Pass: ContainsInstruction - 0.00405 (ms)
2026-10-05 19:37:04,966 - qiskit.passmanager.base_tasks - INFO - Pass: UnitarySynthesis - 0.00310 (ms)
2026-10-05 19:37:04,968 - qiskit.passmanager.base_tasks - INFO - Pass: HighLevelSynthesis - 1.85704 (ms)
2026-10-05 19:37:04,968 - qiskit.passmanager.base_tasks - INFO - Pass: BasisTranslator - 0.03409 (ms)
2026-10-05 19:37:04,968 - qiskit.passmanager.base_tasks - INFO - Pass: ElidePermutations - 0.00310 (ms)
2026-10-05 19:37:04,968 - qiskit.passmanager.base_tasks - INFO - Pass: RemoveDiagonalGatesBeforeMeasure - 0.00286 (ms)
2026-10-05 19:37:04,968 - qiskit.passmanager.base_tasks - INFO - Pass: RemoveIdentityEquivalent - 0.00191 (ms)
2026-10-05 19:37:04,968 - qiskit.passmanager.base_tasks - INFO - Pass: InverseCancellation - 0.02933 (ms)
2026-10-05 19:37:04,968 - qiskit.passmanager.base_tasks - INFO - Pass: ContractIdleWiresInControlFlow - 0.00119 (ms)
2026-10-05 19:37:04,968 - qiskit.passmanager.base_tasks - INFO - Pass: CommutativeCancellation - 0.03314 (ms)
2026-10-05 19:37:04,968 - qiskit.passmanager.base_tasks - INFO - Pass: ConsolidateBlocks - 0.02098 (ms)
2026-10-05 19:37:04,968 - qiskit.passmanager.base_tasks - INFO - Pass: Split2QUnitaries - 0.00095 (ms)
2026-10-05 19:37:04,968 - qiskit.passmanager.base_tasks - INFO - Pass: UnitarySynthesis - 0.00191 (ms)
2026-10-05 19:37:04,968 - qiskit.passmanager.base_tasks - INFO - Pass: HighLevelSynthesis - 0.01097 (ms)
2026-10-05 19:37:04,968 - qiskit.passmanager.base_tasks - INFO - Pass: BasisTranslator - 0.04196 (ms)
2026-10-05 19:37:04,969 - qiskit.passmanager.base_tasks - INFO - Pass: Depth - 0.01097 (ms)
2026-10-05 19:37:04,969 - qiskit.passmanager.base_tasks - INFO - Pass: Size - 0.00191 (ms)
2026-10-05 19:37:04,969 - qiskit.passmanager.base_tasks - INFO - Pass: MinimumPoint - 0.00477 (ms)
2026-10-05 19:37:04,969 - qiskit.passmanager.base_tasks - INFO - Pass: ConsolidateBlocks - 0.02503 (ms)
2026-10-05 19:37:04,969 - qiskit.passmanager.base_tasks - INFO - Pass: UnitarySynthesis - 0.00215 (ms)
2026-10-05 19:37:04,969 - qiskit.passmanager.base_tasks - INFO - Pass: RemoveIdentityEquivalent - 0.00119 (ms)
2026-10-05 19:37:04,969 - qiskit.passmanager.base_tasks - INFO - Pass: Optimize1qGatesDecomposition - 0.06890 (ms)
2026-10-05 19:37:04,969 - qiskit.passmanager.base_tasks - INFO - Pass: CommutativeCancellation - 0.03028 (ms)
2026-10-05 19:37:04,969 - qiskit.passmanager.base_tasks - INFO - Pass: ContractIdleWiresInControlFlow - 0.00119 (ms)
2026-10-05 19:37:04,969 - qiskit.passmanager.base_tasks - INFO - Pass: GatesInBasis - 0.01001 (ms)
2026-10-05 19:37:04,969 - qiskit.passmanager.base_tasks - INFO - Pass: Depth - 0.01001 (ms)
2026-10-05 19:37:04,969 - qiskit.passmanager.base_tasks - INFO - Pass: Size - 0.00095 (ms)
2026-10-05 19:37:04,970 - qiskit.passmanager.base_tasks - INFO - Pass: MinimumPoint - 1.38712 (ms)
2026-10-05 19:37:04,970 - qiskit.passmanager.base_tasks - INFO - Pass: ConsolidateBlocks - 0.02408 (ms)
2026-10-05 19:37:04,970 - qiskit.passmanager.base_tasks - INFO - Pass: UnitarySynthesis - 0.00119 (ms)
2026-10-05 19:37:04,970 - qiskit.passmanager.base_tasks - INFO - Pass: RemoveIdentityEquivalent - 0.00191 (ms)
2026-10-05 19:37:04,970 - qiskit.passmanager.base_tasks - INFO - Pass: Optimize1qGatesDecomposition - 0.05794 (ms)
2026-10-05 19:37:04,971 - qiskit.passmanager.base_tasks - INFO - Pass: CommutativeCancellation - 0.03099 (ms)
2026-10-05 19:37:04,971 - qiskit.passmanager.base_tasks - INFO - Pass: ContractIdleWiresInControlFlow - 0.00119 (ms)
2026-10-05 19:37:04,971 - qiskit.passmanager.base_tasks - INFO - Pass: GatesInBasis - 0.01001 (ms)
2026-10-05 19:37:04,971 - qiskit.passmanager.base_tasks - INFO - Pass: Depth - 0.01001 (ms)
2026-10-05 19:37:04,971 - qiskit.passmanager.base_tasks - INFO - Pass: Size - 0.00119 (ms)
2026-10-05 19:37:04,971 - qiskit.passmanager.base_tasks - INFO - Pass: MinimumPoint - 0.00215 (ms)
2026-10-05 19:37:04,971 - qiskit.passmanager.base_tasks - INFO - Pass: ContainsInstruction - 0.00191 (ms)
2026-10-05 19:37:04,976 - qiskit.passmanager.base_tasks - INFO - Pass: Optimize1qGatesDecomposition - 0.01693 (ms)
2026-10-05 19:37:05,042 - qiskit.passmanager.base_tasks - INFO - Pass: Optimize1qGatesDecomposition - 0.02503 (ms)
2026-10-05 19:37:05,103 - qiskit.passmanager.base_tasks - INFO - Pass: Optimize1qGatesDecomposition - 0.02003 (ms)
2026-10-05 19:37:05,165 - qiskit.passmanager.base_tasks - INFO - Pass: Optimize1qGatesDecomposition - 0.02003 (ms)
2026-10-05 19:37:05,230 - qiskit.passmanager.base_tasks - INFO - Pass: Optimize1qGatesDecomposition - 0.02098 (ms)
2026-10-05 19:37:05,292 - qiskit.passmanager.base_tasks - INFO - Pass: Optimize1qGatesDecomposition - 0.02003 (ms)
2026-10-05 19:37:05,352 - qiskit.passmanager.base_tasks - INFO - Pass: Optimize1qGatesDecomposition - 0.01907 (ms)
2026-10-05 19:37:05,415 - qiskit.passmanager.base_tasks - INFO - Pass: Optimize1qGatesDecomposition - 0.02003 (ms)
2026-10-05 19:37:05,478 - qiskit.passmanager.base_tasks - INFO - Pass: Optimize1qGatesDecomposition - 0.01979 (ms)
2026-10-05 19:37:05,531 - qiskit.passmanager.base_tasks - INFO - Pass: Optimize1qGatesDecomposition - 0.01979 (ms)
2026-10-05 19:37:05,591 - qiskit.passmanager.base_tasks - INFO - Pass: Optimize1qGatesDecomposition - 0.02098 (ms)
2026-10-05 19:37:05,638 - qiskit.passmanager.base_tasks - INFO - Pass: Optimize1qGatesDecomposition - 0.02003 (ms)
2026-10-05 19:37:05,675 - qiskit.passmanager.base_tasks - INFO - Pass: Optimize1qGatesDecomposition - 0.01907 (ms)
2026-10-05 19:37:05,720 - qiskit.passmanager.base_tasks - INFO - Pass: Optimize1qGatesDecomposition - 0.01979 (ms)
2026-10-05 19:37:05,776 - qiskit.passmanager.base_tasks - INFO - Pass: Optimize1qGatesDecomposition - 0.01884 (ms)
2026-10-05 19:37:05,820 - qiskit.passmanager.base_tasks - INFO - Pass: Optimize1qGatesDecomposition - 0.01884 (ms)
2026-10-05 19:37:05,869 - qiskit.passmanager.base_tasks - INFO - Pass: Optimize1qGatesDecomposition - 0.01907 (ms)
2026-10-05 19:37:05,918 - qiskit.passmanager.base_tasks - INFO - Pass: Optimize1qGatesDecomposition - 0.01907 (ms)
2026-10-05 19:37:05,968 - qiskit.passmanager.base_tasks - INFO - Pass: Optimize1qGatesDecomposition - 0.01812 (ms)
2026-10-05 19:37:06,015 - qiskit.passmanager.base_tasks - INFO - Pass: Optimize1qGatesDecomposition - 0.02003 (ms)
2026-10-05 19:37:06,059 - qiskit.passmanager.base_tasks - INFO - Pass: Optimize1qGatesDecomposition - 0.02098 (ms)
2026-10-05 19:37:06,107 - qiskit.passmanager.base_tasks - INFO - Pass: Optimize1qGatesDecomposition - 0.01907 (ms)
2026-10-05 19:37:06,156 - qiskit.passmanager.base_tasks - INFO - Pass: Optimize1qGatesDecomposition - 0.02003 (ms)
2026-10-05 19:37:06,203 - qiskit.passmanager.base_tasks - INFO - Pass: Optimize1qGatesDecomposition - 0.01907 (ms)
2026-10-05 19:37:06,250 - qiskit.passmanager.base_tasks - INFO - Pass: Optimize1qGatesDecomposition - 0.02003 (ms)
2026-10-05 19:37:06,296 - qiskit.passmanager.base_tasks - INFO - Pass: Optimize1qGatesDecomposition - 0.02003 (ms)
2026-10-05 19:37:06,342 - qiskit.passmanager.base_tasks - INFO - Pass: Optimize1qGatesDecomposition - 0.01907 (ms)
2026-10-05 19:37:06,387 - qiskit.passmanager.base_tasks - INFO - Pass: Optimize1qGatesDecomposition - 0.01788 (ms)
2026-10-05 19:37:06,433 - qiskit.passmanager.base_tasks - INFO - Pass: Optimize1qGatesDecomposition - 0.01788 (ms)
2026-10-05 19:37:06,480 - qiskit.passmanager.base_tasks - INFO - Pass: Optimize1qGatesDecomposition - 0.02027 (ms)
2026-10-05 19:37:06,525 - qiskit.passmanager.base_tasks - INFO - Pass: Optimize1qGatesDecomposition - 0.01812 (ms)
2026-10-05 19:37:06,570 - qiskit.passmanager.base_tasks - INFO - Pass: Optimize1qGatesDecomposition - 0.01717 (ms)
2026-10-05 19:37:06,616 - qiskit.passmanager.base_tasks - INFO - Pass: Optimize1qGatesDecomposition - 0.01907 (ms)
2026-10-05 19:37:06,663 - qiskit.passmanager.base_tasks - INFO - Pass: Optimize1qGatesDecomposition - 0.01884 (ms)
2026-10-05 19:37:06,708 - qiskit.passmanager.base_tasks - INFO - Pass: Optimize1qGatesDecomposition - 0.01884 (ms)
